
> hack-nocturne@0.0.0 build
> vite build

[36mvite v8.0.0 [32mbuilding client environment for production...[36m[39m
[2K
transforming...Γ£ô 2134 modules transformed.
node.exe : [31mΓ£ù[39m Build failed in 214ms
At line:1 char:1
+ & "E:\NodeJS/node.exe" "E:\NodeJS/node_modules/npm/bin/npm-cli.js" ru ...
+ ~~~~~~~~~~~~~~~~~~~~~~~~~~~~~~~~~~~~~~~~~~~~~~~~~~~~~~~~~~~~~~~~~~~~~
    + CategoryInfo          : NotSpecified: ([31mΓ£ù[39m Build failed in 214ms:String) [], RemoteException
    + FullyQualifiedErrorId : NativeCommandError
 
[31merror during build:
[31mBuild failed with 2 errors:

[31m[rolldown:vite-resolve] Error:[0m plugin `rolldown:vite-resolve` threw an error

Caused by:
    "." is not exported under the conditions ["module", "browser", "production", "import"] from package 
E:/GitHub/Hack-Nocturne\node_modules\react-map-gl (see exports field in 
E:/GitHub/Hack-Nocturne\node_modules\react-map-gl\package.json)

[plugin vite:css] E:/GitHub/Hack-Nocturne/src/index.css:undefined:NaN
Error: [postcss] It looks like you're trying to use `tailwindcss` directly as a PostCSS plugin. The PostCSS plugin has 
moved to a separate package, so to continue using Tailwind CSS with PostCSS you'll need to install 
`@tailwindcss/postcss` and update your PostCSS configuration.
    at at (E:\GitHub\Hack-Nocturne\node_modules\tailwindcss\dist\lib.js:38:1643)
    at LazyResult.runOnRoot (E:\GitHub\Hack-Nocturne\node_modules\postcss\lib\lazy-result.js:361:16)
    at LazyResult.runAsync (E:\GitHub\Hack-Nocturne\node_modules\postcss\lib\lazy-result.js:290:26)
    at LazyResult.async (E:\GitHub\Hack-Nocturne\node_modules\postcss\lib\lazy-result.js:192:30)
    at LazyResult.then (E:\GitHub\Hack-Nocturne\node_modules\postcss\lib\lazy-result.js:436:17)[31m
    at aggregateBindingErrorsIntoJsError 
(file:///E:/GitHub/Hack-Nocturne/node_modules/rolldown/dist/shared/error-CP8smW_P.mjs:48:18)
    at unwrapBindingResult 
(file:///E:/GitHub/Hack-Nocturne/node_modules/rolldown/dist/shared/error-CP8smW_P.mjs:18:128)
    at #build (file:///E:/GitHub/Hack-Nocturne/node_modules/rolldown/dist/shared/rolldown-build-4YnQkA76.mjs:3311:34)
    at async buildEnvironment (file:///E:/GitHub/Hack-Nocturne/node_modules/vite/dist/node/chunks/node.js:32794:64)
    at async Object.build (file:///E:/GitHub/Hack-Nocturne/node_modules/vite/dist/node/chunks/node.js:33216:19)
    at async Object.buildApp (file:///E:/GitHub/Hack-Nocturne/node_modules/vite/dist/node/chunks/node.js:33213:153)
    at async CAC.<anonymous> (file:///E:/GitHub/Hack-Nocturne/node_modules/vite/dist/node/cli.js:778:3) {
  errors: [Getter/Setter]
}[39m
